{
    "-profile test_pmo": {
        "content": [
            {
                "Workflow": {
                    "nf-core/plasmodiumdrugres": "v1.0.0dev"
                }
            },
            [
                "estimate",
                "estimate/popidx_001.aa_mlaf.tsv",
                "estimate/popidx_001.aa_sl_from_ml.tsv",
                "estimate/popidx_001.aa_slaf.tsv",
                "estimate/popidx_001.allele_prev.tsv",
                "estimate/popidx_002.aa_mlaf.tsv",
                "estimate/popidx_002.aa_sl_from_ml.tsv",
                "estimate/popidx_002.aa_slaf.tsv",
                "estimate/popidx_002.allele_prev.tsv",
                "extract",
                "extract/allele_table.tsv",
                "extract/panel_info.bed",
                "extract/population_map.tsv",
                "index",
                "index/population_index_lookup.tsv",
                "index/population_map_indexed.tsv",
                "merge",
                "merge/popidx_001.ml_summary.tsv",
                "merge/popidx_001.sl_from_ml_summary.tsv",
                "merge/popidx_001.sl_summary.tsv",
                "merge/popidx_002.ml_summary.tsv",
                "merge/popidx_002.sl_from_ml_summary.tsv",
                "merge/popidx_002.sl_summary.tsv",
                "ml_summary.tsv",
                "pipeline_info",
                "sl_from_ml_summary.tsv",
                "sl_summary.tsv",
                "split",
                "split/popidx_001.collapsed_amino_acid_calls.tsv.gz",
                "split/popidx_002.collapsed_amino_acid_calls.tsv.gz",
                "translated_loci",
                "translated_loci/amino_acid_calls.tsv.gz",
                "translated_loci/collapsed_amino_acid_calls.tsv.gz",
                "translated_loci/loci_covered_by_target_samples_info.tsv",
                "translated_loci/loci_of_interest_for_target_for_microhap.tsv.gz",
                "versions.yml"
            ],
            [
                "popidx_001.aa_mlaf.tsv:md5,0ad0192cd3c5ef3e18ba0d9ef43e64a4",
                "popidx_001.aa_sl_from_ml.tsv:md5,7723db3f33e8b3627f93615975f18a84",
                "popidx_001.aa_slaf.tsv:md5,d8c4d3d1b279984a5b0245910237fdc6",
                "popidx_001.allele_prev.tsv:md5,0f58d1ed84e6c3157cd2c512a51c87ec",
                "popidx_002.aa_mlaf.tsv:md5,4fb355802912e5ca0f1b284d6ec247f4",
                "popidx_002.aa_sl_from_ml.tsv:md5,9ae726ff8b59aba83a208d7b598e94ab",
                "popidx_002.aa_slaf.tsv:md5,9fc343dc3457eae7e5f7bc0a0c3aab05",
                "popidx_002.allele_prev.tsv:md5,2f2801996f582a97bb27784f62de40be",
                "allele_table.tsv:md5,e47cfc5c3adc0fe7e730d212abbc3ce5",
                "panel_info.bed:md5,d991e06e47f68430e23080ec57d493c3",
                "population_map.tsv:md5,067d56492b997a48523e1d8fc728b0ab",
                "population_index_lookup.tsv:md5,765605ce10d628b731f057a2716191bb",
                "population_map_indexed.tsv:md5,a0e30126c164888adf0e111d76bf7931",
                "popidx_001.ml_summary.tsv:md5,3ea91c6a692b41b63ce456edb4c1241f",
                "popidx_001.sl_from_ml_summary.tsv:md5,a0709b6658be34fb35e32f3cb324c581",
                "popidx_001.sl_summary.tsv:md5,73076d5c9d76957d362fe19a6e4a0655",
                "popidx_002.ml_summary.tsv:md5,30f5ee6c6e56dd13fb01f30e723949de",
                "popidx_002.sl_from_ml_summary.tsv:md5,51c1245369f9e565c91e422b4e1c9a25",
                "popidx_002.sl_summary.tsv:md5,91c6306c163c723840de497ea7e413b7",
                "ml_summary.tsv:md5,777266ee249d9bb5e4a82353c89e5c3e",
                "sl_from_ml_summary.tsv:md5,27bde68bed23b82898bcf8eb6448115b",
                "sl_summary.tsv:md5,c1c5d191b2613104abc2e3ef6221b9bb",
                "popidx_001.collapsed_amino_acid_calls.tsv.gz:md5,b8fcfbe28137fc29f34d92d1e59a37f5",
                "popidx_002.collapsed_amino_acid_calls.tsv.gz:md5,0c99a879b991415733bb37088aae447e",
                "amino_acid_calls.tsv.gz:md5,1b16806a15df7437f11180da9882d8df",
                "collapsed_amino_acid_calls.tsv.gz:md5,cd9cf4a6aa1ad66c99816239abf3a532",
                "loci_covered_by_target_samples_info.tsv:md5,1b2c20818014cb785d013fc21ff46346",
                "loci_of_interest_for_target_for_microhap.tsv.gz:md5,2b9323b36ae6979db24b6456eac732ea",
                "versions.yml:md5,5c35d6ad8fb13393903612aa219772b6"
            ]
        ],
        "timestamp": "2026-08-06T12:05:07.893251",
        "meta": {
            "nf-test": "0.9.5",
            "nextflow": "25.10.4"
        }
    },
    "-profile test": {
        "content": [
            {
                "Workflow": {
                    "nf-core/plasmodiumdrugres": "v1.0.0dev"
                }
            },
            [
                "estimate",
                "estimate/collapsed_amino_acid_calls.aa_mlaf.tsv",
                "estimate/collapsed_amino_acid_calls.aa_sl_from_ml.tsv",
                "estimate/collapsed_amino_acid_calls.aa_slaf.tsv",
                "estimate/collapsed_amino_acid_calls.allele_prev.tsv",
                "merge",
                "merge/pop1.ml_summary.tsv",
                "merge/pop1.sl_from_ml_summary.tsv",
                "merge/pop1.sl_summary.tsv",
                "ml_summary.tsv",
                "pipeline_info",
                "sl_from_ml_summary.tsv",
                "sl_summary.tsv",
                "translated_loci",
                "translated_loci/amino_acid_calls.tsv.gz",
                "translated_loci/collapsed_amino_acid_calls.tsv.gz",
                "translated_loci/loci_covered_by_target_samples_info.tsv",
                "translated_loci/loci_of_interest_for_target_for_microhap.tsv.gz",
                "versions.yml"
            ],
            [
                "collapsed_amino_acid_calls.aa_mlaf.tsv:md5,cf0d6d097ee3bdf91bb63d31da07aece",
                "collapsed_amino_acid_calls.aa_sl_from_ml.tsv:md5,1e7a191bd60aad3d650784e82b75f411",
                "collapsed_amino_acid_calls.aa_slaf.tsv:md5,48059e04968526e08f508d7e771f02af",
                "collapsed_amino_acid_calls.allele_prev.tsv:md5,7fd98b0413f895d1daa3f978aad74912",
                "pop1.ml_summary.tsv:md5,79c484ae1d82534979614861af636a4b",
                "pop1.sl_from_ml_summary.tsv:md5,dc34e58ab15ae784ffdead1c98464342",
                "pop1.sl_summary.tsv:md5,e8d84d3a16ffc5c538951c133faba0fa",
                "ml_summary.tsv:md5,8d14d06a3a4fac681377cd4aed736bc1",
                "sl_from_ml_summary.tsv:md5,1258c30ae92123c6c9a205f7edaf039e",
                "sl_summary.tsv:md5,e8d84d3a16ffc5c538951c133faba0fa",
                "amino_acid_calls.tsv.gz:md5,545f952c39c8206625359cd613b1f29c",
                "collapsed_amino_acid_calls.tsv.gz:md5,cd9cf4a6aa1ad66c99816239abf3a532",
                "loci_covered_by_target_samples_info.tsv:md5,1b2c20818014cb785d013fc21ff46346",
                "loci_of_interest_for_target_for_microhap.tsv.gz:md5,2b9323b36ae6979db24b6456eac732ea",
                "versions.yml:md5,5c35d6ad8fb13393903612aa219772b6"
            ]
        ],
        "timestamp": "2026-08-06T12:02:50.348162",
        "meta": {
            "nf-test": "0.9.5",
            "nextflow": "25.10.4"
        }
    }
}