{
    "Should run without failures": {
        "content": [
            {
                "0": [
                    "pop1.sl_summary.tsv:md5,5f89a56121d17bd001bc2d7d6df8d13c"
                ],
                "1": [
                    "pop1.ml_summary.tsv:md5,2e0bf2b7c79b5475f81a6f37b30de1e3"
                ],
                "ml_summary": [
                    "pop1.ml_summary.tsv:md5,2e0bf2b7c79b5475f81a6f37b30de1e3"
                ],
                "sl_summary": [
                    "pop1.sl_summary.tsv:md5,5f89a56121d17bd001bc2d7d6df8d13c"
                ]
            }
        ],
        "meta": {
            "nf-test": "0.9.2",
            "nextflow": "24.10.4"
        },
        "timestamp": "2025-08-28T14:05:16.713715"
    }
}